.....FF                                                                  [100%]
================================== FAILURES ===================================
__________________________ test_radar_source_direct ___________________________

session = <sqlalchemy.orm.session.Session object at 0x0000020B2ED6A1D0>

    def test_radar_source_direct(session: Session) -> None:
        from launcher.outcomes import stage_radar_outcomes
    
        rows = SyntheticOutcomeSource(n=60).load_outcomes("direct-proj")
        staged = [
            {
                "features": r.features,
                "z60": r.z60,
                "value_flag": r.value_flag,
                "fired_vetoes": ("negative.engagement_bait",) if r.value_flag else (),
            }
            for r in rows
        ]
        count = stage_radar_outcomes(session, "direct-proj", staged)
        session.commit()
        assert count == 60
    
>       loaded = RadarOutcomeSource("direct-proj").load_outcomes("direct-proj")
                 ^^^^^^^^^^^^^^^^^^^^^^^^^^^^^^^^^^^^^^^^^^^^^^^^^^^^^^^^^^^^^^

tests\test_radar_edge.py:111: 
_ _ _ _ _ _ _ _ _ _ _ _ _ _ _ _ _ _ _ _ _ _ _ _ _ _ _ _ _ _ _ _ _ _ _ _ _ _ _ _

self = <launcher.outcomes.RadarOutcomeSource object at 0x0000020B2E89E510>
project_id = 'direct-proj'

    def load_outcomes(self, project_id: str) -> list[OutcomeRow]:
        from launcher.models import RadarOutcomeStage
    
        rows = (
>           self._session.query(RadarOutcomeStage)
            ^^^^^^^^^^^^^^^^^^^
            .filter_by(project_id=project_id)
            .order_by(RadarOutcomeStage.id)
            .all()
        )
E       AttributeError: 'str' object has no attribute 'query'

src\launcher\outcomes.py:188: AttributeError
________________ test_staged_launcher_source_preserves_vetoes _________________

session = <sqlalchemy.orm.session.Session object at 0x0000020B2EC610D0>

    def test_staged_launcher_source_preserves_vetoes(session: Session) -> None:
        from launcher.outcomes import stage_radar_outcomes
    
        rows = SyntheticOutcomeSource(n=30).load_outcomes("launch-proj")
        stage_radar_outcomes(
            session,
            "launch-proj",
            [
                {
                    "features": r.features,
                    "z60": r.z60,
                    "value_flag": r.value_flag,
                    "fired_vetoes": ("negative.pod_signature",),
                }
                for r in rows
            ],
        )
        session.commit()
    
>       launcher_rows = StagedLauncherOutcomeSource("launch-proj").load_outcomes("launch-proj")
                        ^^^^^^^^^^^^^^^^^^^^^^^^^^^^^^^^^^^^^^^^^^^^^^^^^^^^^^^^^^^^^^^^^^^^^^^

tests\test_radar_edge.py:138: 
_ _ _ _ _ _ _ _ _ _ _ _ _ _ _ _ _ _ _ _ _ _ _ _ _ _ _ _ _ _ _ _ _ _ _ _ _ _ _ _

self = <launcher.outcomes.StagedLauncherOutcomeSource object at 0x0000020B2ECA1C90>
project_id = 'launch-proj'

    def load_outcomes(self, project_id: str) -> list[LauncherOutcomeRow]:
        from launcher.models import RadarOutcomeStage
    
        rows = (
>           self._session.query(RadarOutcomeStage)
            ^^^^^^^^^^^^^^^^^^^
            .filter_by(project_id=project_id)
            .order_by(RadarOutcomeStage.id)
            .all()
        )
E       AttributeError: 'str' object has no attribute 'query'

src\launcher\outcomes.py:216: AttributeError
============================== warnings summary ===============================
.venv\Lib\site-packages\fastapi\testclient.py:1
  C:\Users\rotim\Documents\RANDOM QUESTIONS\viral-launcher\.venv\Lib\site-packages\fastapi\testclient.py:1: StarletteDeprecationWarning: Using `httpx` with `starlette.testclient` is deprecated; install `httpx2` instead.
    from starlette.testclient import TestClient as TestClient  # noqa

-- Docs: https://docs.pytest.org/en/stable/how-to/capture-warnings.html
=========================== short test summary info ===========================
FAILED tests/test_radar_edge.py::test_radar_source_direct - AttributeError: '...
FAILED tests/test_radar_edge.py::test_staged_launcher_source_preserves_vetoes
2 failed, 5 passed, 1 warning in 10.97s
