......F..........                                                        [100%]
================================== FAILURES ===================================
______________________ test_old_v1_artifact_still_scores ______________________

seeded = <sqlalchemy.orm.session.Session object at 0x000002432646F590>

    def test_old_v1_artifact_still_scores(seeded: Session) -> None:
        model = train_predictor(seeded, "proj", SyntheticOutcomeSource(n=300))
        model.algorithm = "gradient_boosting_regressor.v1"
        model.feature_names = [n for n in FEATURE_NAMES if n != "swatch_similarity"]
        seeded.commit()
    
        f = extract("Great hooks win. What would you add?", author_followers=900)
>       prediction = predict_z(seeded, "proj", f)
                     ^^^^^^^^^^^^^^^^^^^^^^^^^^^^

tests\test_similarity.py:84: 
_ _ _ _ _ _ _ _ _ _ _ _ _ _ _ _ _ _ _ _ _ _ _ _ _ _ _ _ _ _ _ _ _ _ _ _ _ _ _ _
src\launcher\predictor.py:190: in predict_z
    z = max(0.0, float(artifact.fitted.predict(x)[0]))
                       ^^^^^^^^^^^^^^^^^^^^^^^^^^
.venv\Lib\site-packages\sklearn\ensemble\_gb.py:2165: in predict
    X = validate_data(
.venv\Lib\site-packages\sklearn\utils\validation.py:3059: in validate_data
    _check_n_features(_estimator, X, reset=reset)
_ _ _ _ _ _ _ _ _ _ _ _ _ _ _ _ _ _ _ _ _ _ _ _ _ _ _ _ _ _ _ _ _ _ _ _ _ _ _ _

estimator = GradientBoostingRegressor(random_state=7)
X = [[36.0, 7.0, 1.0, 1.0, 1.0, 0.0, ...]], reset = False

    def _check_n_features(estimator, X, reset):
        """Set the `n_features_in_` attribute, or check against it on an estimator.
    
        .. note::
            To only check n_features without conducting a full data validation, prefer
            using `validate_data(..., skip_check_array=True)` if possible.
    
        .. versionchanged:: 1.6
            Moved from :class:`~sklearn.base.BaseEstimator` to
            :mod:`~sklearn.utils.validation`.
    
        Parameters
        ----------
        estimator : estimator instance
            The estimator to validate the input for.
    
        X : {ndarray, sparse matrix} of shape (n_samples, n_features)
            The input samples.
    
        reset : bool
            Whether to reset the `n_features_in_` attribute.
            If True, the `n_features_in_` attribute is set to `X.shape[1]`.
            If False and the attribute exists, then check that it is equal to
            `X.shape[1]`. If False and the attribute does *not* exist, then
            the check is skipped.
    
            .. note::
               It is recommended to call `reset=True` in `fit` and in the first
               call to `partial_fit`. All other methods that validate `X`
               should set `reset=False`.
        """
        try:
            n_features = _num_features(X)
        except TypeError as e:
            if not reset and hasattr(estimator, "n_features_in_"):
                raise ValueError(
                    "X does not contain any features, but "
                    f"{estimator.__class__.__name__} is expecting "
                    f"{estimator.n_features_in_} features"
                ) from e
            # If the number of features is not defined and reset=True,
            # then we skip this check
            return
    
        if reset:
            estimator.n_features_in_ = n_features
            return
    
        if not hasattr(estimator, "n_features_in_"):
            # Skip this check if the expected number of expected input features
            # was not recorded by calling fit first. This is typically the case
            # for stateless transformers.
            return
    
        if n_features != estimator.n_features_in_:
>           raise ValueError(
                f"X has {n_features} features, but {estimator.__class__.__name__} "
                f"is expecting {estimator.n_features_in_} features as input."
            )
E           ValueError: X has 17 features, but GradientBoostingRegressor is expecting 18 features as input.

.venv\Lib\site-packages\sklearn\utils\validation.py:2923: ValueError
=========================== short test summary info ===========================
FAILED tests/test_similarity.py::test_old_v1_artifact_still_scores - ValueErr...
1 failed, 16 passed in 35.88s
