.........................F.............................................. [ 62%]
............................................                             [100%]
================================== FAILURES ===================================
_________________ test_calibration_run_radar_not_implemented __________________

client = <starlette.testclient.TestClient object at 0x000001CDB23FE090>

    def test_calibration_run_radar_not_implemented(client: TestClient) -> None:
        resp = client.post(
            "/calibration/run", json={"project_id": "p", "source": "radar"}
        )
>       assert resp.status_code == 501
E       assert 422 == 501
E        +  where 422 = <Response [422 Unprocessable Entity]>.status_code

tests\test_calibration_api.py:33: AssertionError
============================== warnings summary ===============================
.venv\Lib\site-packages\fastapi\testclient.py:1
  C:\Users\rotim\Documents\RANDOM QUESTIONS\viral-launcher\.venv\Lib\site-packages\fastapi\testclient.py:1: StarletteDeprecationWarning: Using `httpx` with `starlette.testclient` is deprecated; install `httpx2` instead.
    from starlette.testclient import TestClient as TestClient  # noqa

-- Docs: https://docs.pytest.org/en/stable/how-to/capture-warnings.html
=========================== short test summary info ===========================
FAILED tests/test_calibration_api.py::test_calibration_run_radar_not_implemented
1 failed, 115 passed, 1 warning in 78.99s (0:01:18)
